20:21:42 **** Build of project sd_bsp ****
make -k all 
"Running Make include in microblaze_0/libsrc/bram_v4_2/src"
make -C microblaze_0/libsrc/bram_v4_2/src -s include  "SHELL=CMD" "COMPILER=mb-gcc" "ARCHIVER=mb-ar" "COMPILER_FLAGS=  -O2 -c -mcpu=v11.0 -mlittle-endian -mxl-soft-mul" "EXTRA_COMPILER_FLAGS=-ffunction-sections -fdata-sections -Wall -Wextra"
"Running Make include in microblaze_0/libsrc/cpu_v2_8/src"
make -C microblaze_0/libsrc/cpu_v2_8/src -s include  "SHELL=CMD" "COMPILER=mb-gcc" "ARCHIVER=mb-ar" "COMPILER_FLAGS=  -O2 -c -mcpu=v11.0 -mlittle-endian -mxl-soft-mul" "EXTRA_COMPILER_FLAGS=-ffunction-sections -fdata-sections -Wall -Wextra"
"Running Make include in microblaze_0/libsrc/PmodSD_v1_0/src"
make -C microblaze_0/libsrc/PmodSD_v1_0/src -s include  "SHELL=CMD" "COMPILER=mb-gcc" "ARCHIVER=mb-ar" "COMPILER_FLAGS=  -O2 -c -mcpu=v11.0 -mlittle-endian -mxl-soft-mul" "EXTRA_COMPILER_FLAGS=-ffunction-sections -fdata-sections -Wall -Wextra"
"Running Make include in microblaze_0/libsrc/standalone_v6_8/src"
make -C microblaze_0/libsrc/standalone_v6_8/src -s include  "SHELL=CMD" "COMPILER=mb-gcc" "ARCHIVER=mb-ar" "COMPILER_FLAGS=  -O2 -c -mcpu=v11.0 -mlittle-endian -mxl-soft-mul" "EXTRA_COMPILER_FLAGS=-ffunction-sections -fdata-sections -Wall -Wextra"
"Running Make libs in microblaze_0/libsrc/bram_v4_2/src"
make -C microblaze_0/libsrc/bram_v4_2/src -s libs  "SHELL=CMD" "COMPILER=mb-gcc" "ARCHIVER=mb-ar" "COMPILER_FLAGS=  -O2 -c -mcpu=v11.0 -mlittle-endian -mxl-soft-mul" "EXTRA_COMPILER_FLAGS=-ffunction-sections -fdata-sections -Wall -Wextra"
"Compiling bram"
mb-ar: creating ../../../lib/libxil.a
"Running Make libs in microblaze_0/libsrc/cpu_v2_8/src"
make -C microblaze_0/libsrc/cpu_v2_8/src -s libs  "SHELL=CMD" "COMPILER=mb-gcc" "ARCHIVER=mb-ar" "COMPILER_FLAGS=  -O2 -c -mcpu=v11.0 -mlittle-endian -mxl-soft-mul" "EXTRA_COMPILER_FLAGS=-ffunction-sections -fdata-sections -Wall -Wextra"
"Compiling cpu"
"Running Make libs in microblaze_0/libsrc/PmodSD_v1_0/src"
make -C microblaze_0/libsrc/PmodSD_v1_0/src -s libs  "SHELL=CMD" "COMPILER=mb-gcc" "ARCHIVER=mb-ar" "COMPILER_FLAGS=  -O2 -c -mcpu=v11.0 -mlittle-endian -mxl-soft-mul" "EXTRA_COMPILER_FLAGS=-ffunction-sections -fdata-sections -Wall -Wextra"
"Compiling PmodSD..."
utility/fs_ff.c: In function 'ff_convert':
utility/fs_ff.c:557:35: warning: unused parameter 'dir' [-Wunused-parameter]
 WCHAR ff_convert (WCHAR wch, UINT dir)
                                   ^~~
"Running Make libs in microblaze_0/libsrc/standalone_v6_8/src"
make -C microblaze_0/libsrc/standalone_v6_8/src -s libs  "SHELL=CMD" "COMPILER=mb-gcc" "ARCHIVER=mb-ar" "COMPILER_FLAGS=  -O2 -c -mcpu=v11.0 -mlittle-endian -mxl-soft-mul" "EXTRA_COMPILER_FLAGS=-ffunction-sections -fdata-sections -Wall -Wextra"
"Compiling standalone";
inbyte.c: In function 'inbyte':
inbyte.c:11:1: warning: control reaches end of non-void function [-Wreturn-type]
 }
 ^
outbyte.c: In function 'outbyte':
outbyte.c:11:19: warning: unused parameter 'c' [-Wunused-parameter]
 void outbyte(char c) {
                   ^
microblaze_sleep.c:77:9: note: #pragma message: For the sleep routines, assembly instructions are used
 #pragma message ("For the sleep routines, assembly instructions are used")
         ^~~~~~~
'Finished building libraries'
20:22:05 **** Build of project sdd_bsp ****
make -k all 
"Running Make include in microblaze_0/libsrc/bram_v4_2/src"
make -C microblaze_0/libsrc/bram_v4_2/src -s include  "SHELL=CMD" "COMPILER=mb-gcc" "ARCHIVER=mb-ar" "COMPILER_FLAGS=  -O2 -c -mcpu=v11.0 -mlittle-endian -mxl-soft-mul" "EXTRA_COMPILER_FLAGS=-ffunction-sections -fdata-sections -Wall -Wextra"
"Running Make include in microblaze_0/libsrc/cpu_v2_8/src"
make -C microblaze_0/libsrc/cpu_v2_8/src -s include  "SHELL=CMD" "COMPILER=mb-gcc" "ARCHIVER=mb-ar" "COMPILER_FLAGS=  -O2 -c -mcpu=v11.0 -mlittle-endian -mxl-soft-mul" "EXTRA_COMPILER_FLAGS=-ffunction-sections -fdata-sections -Wall -Wextra"
"Running Make include in microblaze_0/libsrc/PmodSD_v1_0/src"
make -C microblaze_0/libsrc/PmodSD_v1_0/src -s include  "SHELL=CMD" "COMPILER=mb-gcc" "ARCHIVER=mb-ar" "COMPILER_FLAGS=  -O2 -c -mcpu=v11.0 -mlittle-endian -mxl-soft-mul" "EXTRA_COMPILER_FLAGS=-ffunction-sections -fdata-sections -Wall -Wextra"
"Running Make include in microblaze_0/libsrc/standalone_v6_8/src"
make -C microblaze_0/libsrc/standalone_v6_8/src -s include  "SHELL=CMD" "COMPILER=mb-gcc" "ARCHIVER=mb-ar" "COMPILER_FLAGS=  -O2 -c -mcpu=v11.0 -mlittle-endian -mxl-soft-mul" "EXTRA_COMPILER_FLAGS=-ffunction-sections -fdata-sections -Wall -Wextra"
"Running Make libs in microblaze_0/libsrc/bram_v4_2/src"
make -C microblaze_0/libsrc/bram_v4_2/src -s libs  "SHELL=CMD" "COMPILER=mb-gcc" "ARCHIVER=mb-ar" "COMPILER_FLAGS=  -O2 -c -mcpu=v11.0 -mlittle-endian -mxl-soft-mul" "EXTRA_COMPILER_FLAGS=-ffunction-sections -fdata-sections -Wall -Wextra"
"Compiling bram"
mb-ar: creating ../../../lib/libxil.a
"Running Make libs in microblaze_0/libsrc/cpu_v2_8/src"
make -C microblaze_0/libsrc/cpu_v2_8/src -s libs  "SHELL=CMD" "COMPILER=mb-gcc" "ARCHIVER=mb-ar" "COMPILER_FLAGS=  -O2 -c -mcpu=v11.0 -mlittle-endian -mxl-soft-mul" "EXTRA_COMPILER_FLAGS=-ffunction-sections -fdata-sections -Wall -Wextra"
"Compiling cpu"
"Running Make libs in microblaze_0/libsrc/PmodSD_v1_0/src"
make -C microblaze_0/libsrc/PmodSD_v1_0/src -s libs  "SHELL=CMD" "COMPILER=mb-gcc" "ARCHIVER=mb-ar" "COMPILER_FLAGS=  -O2 -c -mcpu=v11.0 -mlittle-endian -mxl-soft-mul" "EXTRA_COMPILER_FLAGS=-ffunction-sections -fdata-sections -Wall -Wextra"
"Compiling PmodSD..."
utility/fs_ff.c: In function 'ff_convert':
utility/fs_ff.c:557:35: warning: unused parameter 'dir' [-Wunused-parameter]
 WCHAR ff_convert (WCHAR wch, UINT dir)
                                   ^~~
"Running Make libs in microblaze_0/libsrc/standalone_v6_8/src"
make -C microblaze_0/libsrc/standalone_v6_8/src -s libs  "SHELL=CMD" "COMPILER=mb-gcc" "ARCHIVER=mb-ar" "COMPILER_FLAGS=  -O2 -c -mcpu=v11.0 -mlittle-endian -mxl-soft-mul" "EXTRA_COMPILER_FLAGS=-ffunction-sections -fdata-sections -Wall -Wextra"
"Compiling standalone";
inbyte.c: In function 'inbyte':
inbyte.c:11:1: warning: control reaches end of non-void function [-Wreturn-type]
 }
 ^
outbyte.c: In function 'outbyte':
outbyte.c:11:19: warning: unused parameter 'c' [-Wunused-parameter]
 void outbyte(char c) {
                   ^
microblaze_sleep.c:77:9: note: #pragma message: For the sleep routines, assembly instructions are used
 #pragma message ("For the sleep routines, assembly instructions are used")
         ^~~~~~~
'Finished building libraries'
20:22:12 **** Build of configuration Debug for project sdd ****
make all 
'Building file: ../src/main.cc'
'Invoking: MicroBlaze g++ compiler'
mb-g++ -Wall -O0 -g3 -c -fmessage-length=0 -MT"src/main.o" -I../../sdd_bsp/microblaze_0/include -mlittle-endian -mcpu=v11.0 -mxl-soft-mul -Wl,--no-relax -ffunction-sections -fdata-sections -MMD -MP -MF"src/main.d" -MT"src/main.o" -o "src/main.o" "../src/main.cc"
'Finished building: ../src/main.cc'
' '
'Building target: sdd.elf'
'Invoking: MicroBlaze g++ linker'
mb-g++ -Wl,-T -Wl,../src/lscript.ld -L../../sdd_bsp/microblaze_0/lib -mlittle-endian -mcpu=v11.0 -mxl-soft-mul -Wl,--no-relax -Wl,--gc-sections -o "sdd.elf"  ./src/main.o   -Wl,--start-group,-lxil,-lgcc,-lc,-lstdc++,--end-group
'Finished building target: sdd.elf'
' '
'Invoking: MicroBlaze Print Size'
mb-size sdd.elf  |tee "sdd.elf.size"
   text	   data	    bss	    dec	    hex	filename
   1952	    268	   3108	   5328	   14d0	sdd.elf
'Finished building: sdd.elf.size'
' '
20:22:23 **** Auto Build of configuration Debug for project sdd ****
make all 
'Building file: ../src/main.cc'
'Invoking: MicroBlaze g++ compiler'
mb-g++ -Wall -O0 -g3 -c -fmessage-length=0 -MT"src/main.o" -I../../sdd_bsp/microblaze_0/include -mlittle-endian -mcpu=v11.0 -mxl-soft-mul -Wl,--no-relax -ffunction-sections -fdata-sections -MMD -MP -MF"src/main.d" -MT"src/main.o" -o "src/main.o" "../src/main.cc"
'Finished building: ../src/main.cc'
' '
'Building target: sdd.elf'
'Invoking: MicroBlaze g++ linker'
mb-g++ -Wl,-T -Wl,../src/lscript.ld -L../../sdd_bsp/microblaze_0/lib -mlittle-endian -mcpu=v11.0 -mxl-soft-mul -Wl,--no-relax -Wl,--gc-sections -o "sdd.elf"  ./src/main.o   -Wl,--start-group,-lxil,-lgcc,-lc,-lstdc++,--end-group
c:/xilinx/sdk/2018.3/gnu/microblaze/nt/bin/../lib/gcc/microblaze-xilinx-elf/7.3.1/../../../../microblaze-xilinx-elf/bin/ld.exe: sdd.elf section `.text' will not fit in region `microblaze_0_local_memory_ilmb_bram_if_cntlr_Mem_microblaze_0_local_memory_dlmb_bram_if_cntlr_Mem'
c:/xilinx/sdk/2018.3/gnu/microblaze/nt/bin/../lib/gcc/microblaze-xilinx-elf/7.3.1/../../../../microblaze-xilinx-elf/bin/ld.exe: region `microblaze_0_local_memory_ilmb_bram_if_cntlr_Mem_microblaze_0_local_memory_dlmb_bram_if_cntlr_Mem' overflowed by 60672 bytes
collect2.exe: error: ld returned 1 exit status
make: *** [makefile:50: sdd.elf] Error 1
20:22:26 **** Incremental Build of configuration Debug for project sdd ****
make all 
'Building target: sdd.elf'
'Invoking: MicroBlaze g++ linker'
mb-g++ -Wl,-T -Wl,../src/lscript.ld -L../../sdd_bsp/microblaze_0/lib -mlittle-endian -mcpu=v11.0 -mxl-soft-mul -Wl,--no-relax -Wl,--gc-sections -o "sdd.elf"  ./src/main.o   -Wl,--start-group,-lxil,-lgcc,-lc,-lstdc++,--end-group
c:/xilinx/sdk/2018.3/gnu/microblaze/nt/bin/../lib/gcc/microblaze-xilinx-elf/7.3.1/../../../../microblaze-xilinx-elf/bin/ld.exe: sdd.elf section `.text' will not fit in region `microblaze_0_local_memory_ilmb_bram_if_cntlr_Mem_microblaze_0_local_memory_dlmb_bram_if_cntlr_Mem'
c:/xilinx/sdk/2018.3/gnu/microblaze/nt/bin/../lib/gcc/microblaze-xilinx-elf/7.3.1/../../../../microblaze-xilinx-elf/bin/ld.exe: region `microblaze_0_local_memory_ilmb_bram_if_cntlr_Mem_microblaze_0_local_memory_dlmb_bram_if_cntlr_Mem' overflowed by 60672 bytes
collect2.exe: error: ld returned 1 exit status
make: *** [makefile:50: sdd.elf] Error 1
21:56:51 **** Clean-only build of configuration Debug for project sdd ****
make clean 
rm -rf  ./src/main.d  ./src/main.o  sdd.elf.size  sdd.elf
' '
21:56:51 **** Auto Build of configuration Debug for project sdd ****
make all 
'Building file: ../src/main.cc'
'Invoking: MicroBlaze g++ compiler'
mb-g++ -Wall -Os -g3 -c -fmessage-length=0 -MT"src/main.o" -I../../sdd_bsp/microblaze_0/include -mlittle-endian -mcpu=v11.0 -mxl-soft-mul -Wl,--no-relax -ffunction-sections -fdata-sections -MMD -MP -MF"src/main.d" -MT"src/main.o" -o "src/main.o" "../src/main.cc"
'Finished building: ../src/main.cc'
' '
'Building target: sdd.elf'
'Invoking: MicroBlaze g++ linker'
mb-g++ -Wl,-T -Wl,../src/lscript.ld -L../../sdd_bsp/microblaze_0/lib -mlittle-endian -mcpu=v11.0 -mxl-soft-mul -Wl,--no-relax -Wl,--gc-sections -o "sdd.elf"  ./src/main.o   -Wl,--start-group,-lxil,-lgcc,-lc,-lstdc++,--end-group
'Finished building target: sdd.elf'
' '
'Invoking: MicroBlaze Print Size'
mb-size sdd.elf  |tee "sdd.elf.size"
   text	   data	    bss	    dec	    hex	filename
  43872	   1344	   3216	  48432	   bd30	sdd.elf
'Finished building: sdd.elf.size'
' '
21:58:32 **** Incremental Build of configuration Debug for project sdd ****
make all 
make: Nothing to be done for 'all'.
22:00:39 **** Auto Build of configuration Debug for project sdd ****
make all 
'Building file: ../src/main.cc'
'Invoking: MicroBlaze g++ compiler'
mb-g++ -Wall -Os -g3 -c -fmessage-length=0 -MT"src/main.o" -I../../sdd_bsp/microblaze_0/include -mlittle-endian -mcpu=v11.0 -mxl-soft-mul -Wl,--no-relax -ffunction-sections -fdata-sections -MMD -MP -MF"src/main.d" -MT"src/main.o" -o "src/main.o" "../src/main.cc"
'Finished building: ../src/main.cc'
' '
'Building target: sdd.elf'
'Invoking: MicroBlaze g++ linker'
mb-g++ -Wl,-T -Wl,../src/lscript.ld -L../../sdd_bsp/microblaze_0/lib -mlittle-endian -mcpu=v11.0 -mxl-soft-mul -Wl,--no-relax -Wl,--gc-sections -o "sdd.elf"  ./src/main.o   -Wl,--start-group,-lxil,-lgcc,-lc,-lstdc++,--end-group
'Finished building target: sdd.elf'
' '
'Invoking: MicroBlaze Print Size'
mb-size sdd.elf  |tee "sdd.elf.size"
   text	   data	    bss	    dec	    hex	filename
  43928	   1344	   3216	  48488	   bd68	sdd.elf
'Finished building: sdd.elf.size'
' '
22:02:28 **** Incremental Build of configuration Debug for project sdd ****
make all 
make: Nothing to be done for 'all'.
22:03:05 **** Auto Build of configuration Debug for project sdd ****
make all 
'Building file: ../src/main.cc'
'Invoking: MicroBlaze g++ compiler'
mb-g++ -Wall -Os -g3 -c -fmessage-length=0 -MT"src/main.o" -I../../sdd_bsp/microblaze_0/include -mlittle-endian -mcpu=v11.0 -mxl-soft-mul -Wl,--no-relax -ffunction-sections -fdata-sections -MMD -MP -MF"src/main.d" -MT"src/main.o" -o "src/main.o" "../src/main.cc"
'Finished building: ../src/main.cc'
' '
'Building target: sdd.elf'
'Invoking: MicroBlaze g++ linker'
mb-g++ -Wl,-T -Wl,../src/lscript.ld -L../../sdd_bsp/microblaze_0/lib -mlittle-endian -mcpu=v11.0 -mxl-soft-mul -Wl,--no-relax -Wl,--gc-sections -o "sdd.elf"  ./src/main.o   -Wl,--start-group,-lxil,-lgcc,-lc,-lstdc++,--end-group
'Finished building target: sdd.elf'
' '
'Invoking: MicroBlaze Print Size'
mb-size sdd.elf  |tee "sdd.elf.size"
   text	   data	    bss	    dec	    hex	filename
  43928	   1344	   3216	  48488	   bd68	sdd.elf
'Finished building: sdd.elf.size'
' '
22:04:12 **** Incremental Build of configuration Debug for project sdd ****
make all 
make: Nothing to be done for 'all'.
10:20:57 **** Incremental Build of configuration Debug for project sdd ****
make all 
make: Nothing to be done for 'all'.
10:57:47 **** Incremental Build of configuration Debug for project sdd ****
make all 
make: Nothing to be done for 'all'.
11:06:00 **** Incremental Build of configuration Debug for project sdd ****
make all 
make: Nothing to be done for 'all'.
11:25:27 **** Incremental Build of configuration Debug for project sdd ****
make all 
make: Nothing to be done for 'all'.
11:26:33 **** Incremental Build of configuration Debug for project sdd ****
make all 
make: Nothing to be done for 'all'.
