Copyright 1986-2018 Xilinx, Inc. All Rights Reserved.
---------------------------------------------------------------------------------------------------------------------------------
| Tool Version : Vivado v.2018.3 (win64) Build 2405991 Thu Dec  6 23:38:27 MST 2018
| Date         : Thu Apr  4 09:20:30 2019
| Host         : Galentine running 64-bit major release  (build 9200)
| Command      : report_drc -file xc7_top_level_drc_routed.rpt -pb xc7_top_level_drc_routed.pb -rpx xc7_top_level_drc_routed.rpx
| Design       : xc7_top_level
| Device       : xc7a35tcpg236-1
| Speed File   : -1
| Design State : Fully Routed
---------------------------------------------------------------------------------------------------------------------------------

Report DRC

Table of Contents
-----------------
1. REPORT SUMMARY
2. REPORT DETAILS

1. REPORT SUMMARY
-----------------
            Netlist: netlist
          Floorplan: design_1
      Design limits: <entire design considered>
           Ruledeck: default
             Max violations: <unlimited>
             Violations found: 15
+--------+----------+--------------------------+------------+
| Rule   | Severity | Description              | Violations |
+--------+----------+--------------------------+------------+
| BUFC-1 | Warning  | Input Buffer Connections | 15         |
+--------+----------+--------------------------+------------+

2. REPORT DETAILS
-----------------
BUFC-1#1 Warning
Input Buffer Connections  
Input buffer MICROBLAZE/ja_pin10_iobuf/IBUF (in MICROBLAZE/ja_pin10_iobuf macro) has no loads. It is recommended to have an input buffer drive an internal load.
Related violations: <none>

BUFC-1#2 Warning
Input Buffer Connections  
Input buffer MICROBLAZE/ja_pin4_iobuf/IBUF (in MICROBLAZE/ja_pin4_iobuf macro) has no loads. It is recommended to have an input buffer drive an internal load.
Related violations: <none>

BUFC-1#3 Warning
Input Buffer Connections  
Input buffer MICROBLAZE/ja_pin7_iobuf/IBUF (in MICROBLAZE/ja_pin7_iobuf macro) has no loads. It is recommended to have an input buffer drive an internal load.
Related violations: <none>

BUFC-1#4 Warning
Input Buffer Connections  
Input buffer MICROBLAZE/ja_pin8_iobuf/IBUF (in MICROBLAZE/ja_pin8_iobuf macro) has no loads. It is recommended to have an input buffer drive an internal load.
Related violations: <none>

BUFC-1#5 Warning
Input Buffer Connections  
Input buffer MICROBLAZE/ja_pin9_iobuf/IBUF (in MICROBLAZE/ja_pin9_iobuf macro) has no loads. It is recommended to have an input buffer drive an internal load.
Related violations: <none>

BUFC-1#6 Warning
Input Buffer Connections  
Input buffer MICROBLAZE/jb_pin10_iobuf/IBUF (in MICROBLAZE/jb_pin10_iobuf macro) has no loads. It is recommended to have an input buffer drive an internal load.
Related violations: <none>

BUFC-1#7 Warning
Input Buffer Connections  
Input buffer MICROBLAZE/jb_pin4_iobuf/IBUF (in MICROBLAZE/jb_pin4_iobuf macro) has no loads. It is recommended to have an input buffer drive an internal load.
Related violations: <none>

BUFC-1#8 Warning
Input Buffer Connections  
Input buffer MICROBLAZE/jb_pin7_iobuf/IBUF (in MICROBLAZE/jb_pin7_iobuf macro) has no loads. It is recommended to have an input buffer drive an internal load.
Related violations: <none>

BUFC-1#9 Warning
Input Buffer Connections  
Input buffer MICROBLAZE/jb_pin8_iobuf/IBUF (in MICROBLAZE/jb_pin8_iobuf macro) has no loads. It is recommended to have an input buffer drive an internal load.
Related violations: <none>

BUFC-1#10 Warning
Input Buffer Connections  
Input buffer MICROBLAZE/jb_pin9_iobuf/IBUF (in MICROBLAZE/jb_pin9_iobuf macro) has no loads. It is recommended to have an input buffer drive an internal load.
Related violations: <none>

BUFC-1#11 Warning
Input Buffer Connections  
Input buffer MICROBLAZE/jc_pin10_iobuf/IBUF (in MICROBLAZE/jc_pin10_iobuf macro) has no loads. It is recommended to have an input buffer drive an internal load.
Related violations: <none>

BUFC-1#12 Warning
Input Buffer Connections  
Input buffer MICROBLAZE/jc_pin4_iobuf/IBUF (in MICROBLAZE/jc_pin4_iobuf macro) has no loads. It is recommended to have an input buffer drive an internal load.
Related violations: <none>

BUFC-1#13 Warning
Input Buffer Connections  
Input buffer MICROBLAZE/jc_pin7_iobuf/IBUF (in MICROBLAZE/jc_pin7_iobuf macro) has no loads. It is recommended to have an input buffer drive an internal load.
Related violations: <none>

BUFC-1#14 Warning
Input Buffer Connections  
Input buffer MICROBLAZE/jc_pin8_iobuf/IBUF (in MICROBLAZE/jc_pin8_iobuf macro) has no loads. It is recommended to have an input buffer drive an internal load.
Related violations: <none>

BUFC-1#15 Warning
Input Buffer Connections  
Input buffer MICROBLAZE/jc_pin9_iobuf/IBUF (in MICROBLAZE/jc_pin9_iobuf macro) has no loads. It is recommended to have an input buffer drive an internal load.
Related violations: <none>


